stm32f3xx_ll_i2c.h:1579:26:LL_I2C_IsActiveFlag_RXNE	16	static
stm32f3xx_ll_i2c.h:2219:25:LL_I2C_ReceiveData8	16	static
stm32f3xx_ll_tim.h:4074:22:LL_TIM_ClearFlag_UPDATE	16	static
stm32f3xx_ll_tim.h:4085:26:LL_TIM_IsActiveFlag_UPDATE	16	static
stm32f3xx_it.c:74:6:NMI_Handler	4	static
stm32f3xx_it.c:87:6:HardFault_Handler	4	static
stm32f3xx_it.c:100:6:MemManage_Handler	4	static
stm32f3xx_it.c:113:6:BusFault_Handler	4	static
stm32f3xx_it.c:126:6:UsageFault_Handler	4	static
stm32f3xx_it.c:139:6:SVC_Handler	4	static
stm32f3xx_it.c:151:6:DebugMon_Handler	4	static
stm32f3xx_it.c:163:6:PendSV_Handler	4	static
stm32f3xx_it.c:175:6:SysTick_Handler	4	static
stm32f3xx_it.c:195:6:I2C1_EV_IRQHandler	16	static
stm32f3xx_it.c:213:6:TIM6_DAC1_IRQHandler	8	static
stm32f3xx_it.c:228:6:TIM7_DAC2_IRQHandler	8	static
