stm32f3xx_ll_i2c.h:1579:26:LL_I2C_IsActiveFlag_RXNE	16	static
stm32f3xx_ll_i2c.h:2219:25:LL_I2C_ReceiveData8	16	static
stm32f3xx_ll_exti.h:1203:26:LL_EXTI_IsActiveFlag_0_31	16	static
stm32f3xx_ll_exti.h:1320:22:LL_EXTI_ClearFlag_0_31	16	static
stm32f3xx_ll_tim.h:4074:22:LL_TIM_ClearFlag_UPDATE	16	static
stm32f3xx_ll_tim.h:4085:26:LL_TIM_IsActiveFlag_UPDATE	16	static
stm32f3xx_it.c:76:6:NMI_Handler	4	static
stm32f3xx_it.c:89:6:HardFault_Handler	4	static
stm32f3xx_it.c:102:6:MemManage_Handler	4	static
stm32f3xx_it.c:115:6:BusFault_Handler	4	static
stm32f3xx_it.c:128:6:UsageFault_Handler	4	static
stm32f3xx_it.c:141:6:SVC_Handler	4	static
stm32f3xx_it.c:153:6:DebugMon_Handler	4	static
stm32f3xx_it.c:165:6:PendSV_Handler	4	static
stm32f3xx_it.c:177:6:SysTick_Handler	4	static
stm32f3xx_it.c:197:6:EXTI3_IRQHandler	16	static
stm32f3xx_it.c:223:6:I2C1_EV_IRQHandler	16	static
stm32f3xx_it.c:241:6:TIM6_DAC1_IRQHandler	8	static
stm32f3xx_it.c:256:6:TIM7_DAC2_IRQHandler	8	static
